[wpress.getinclusive.com/index.html]
[wpress.getinclusive.com/cdn-cgi/apps/head/lypjA0lUDjXAC-Nd9UJUgW2dwWI.js]
[backblue.gif]
[fade.gif]
[index.html]
[wpress.getinclusive.com/index.html]
[wpress.getinclusive.com/sample-page/feed]
[wpress.getinclusive.com/wp-content/plugins/page-list/css/page-listc721.css]
[wpress.getinclusive.com/wp-content/themes/semplice4/style8aee.css]
[wpress.getinclusive.com/wp-content/themes/semplice4/assets/css/frontend.min8aee.css]
[wpress.getinclusive.com/wp-includes/js/mediaelement/mediaelementplayer-legacy.min45a0.css]
[wpress.getinclusive.com/wp-includes/js/jquery/jquery-migrate.min330a.js]
[wpress.getinclusive.com/wp-includes/js/jquery/jqueryb8ff.js]
[wpress.getinclusive.com/wp-includes/js/mediaelement/mediaelement-and-player.min45a0.js]
[wpress.getinclusive.com/wp-includes/js/mediaelement/mediaelement-migrate.mincbf4.js]
[wpress.getinclusive.com/wp-includes/wlwmanifest.xml]
[wpress.getinclusive.com/xmlrpc0db0.php]
[wpress.getinclusive.com/wp-json/oembed/1.0/embedebac.json]
[wpress.getinclusive.com/wp-json/oembed/1.0/embed5e13]
[wpress.getinclusive.com/wp-content/themes/semplice4/assets/js/frontend.min8aee.js]
[wpress.getinclusive.com/wp-json/index.html]
[wpress.getinclusive.com/wp-includes/js/wp-embed.mincbf4.js]
[wpress.getinclusive.com/index9e50.html]
[wpress.getinclusive.com/work.html]
[wpress.getinclusive.com/work.html]
